module WhereIn7 where

--A definition can be demoted to the local 'where' binding of a friend declaration,
--if it is only used by this friend declaration.

--Demoting a definition narrows down the scope of the definition.
--In this example, demote the top level 'sq' to 'sumSquares'
--This example also aims to test the split of type signature.

sumSquares x y = sq x + sq y
    where
       sq            :: Int -> Int
       sq 0 = 0
       sq z = z^pow
          where  pow=2
    



anotherFun :: Int -> Int




anotherFun x = x^2